[21:27:17.302Z][ERROR][TEXTURE] HUDTexture update error 
Object { error: 1282 }
chunk-EHKEHYIB.js:132:23
[21:27:17.345Z][ERROR][TEXTURE] HUDTexture update error 
Object { error: 1282 }
chunk-EHKEHYIB.js:132:23
WebGL warning: uniform setter: UniformLocation is not from the current active Program. 2
[21:27:17.377Z][ERROR][TEXTURE] HUDTexture update error 
Object { error: 1282 }
chunk-EHKEHYIB.js:132:23
WebGL warning: uniform setter: UniformLocation is not from the current active Program.
[21:27:17.425Z][ERROR][TEXTURE] HUDTexture update error 
Object { error: 1282 }
chunk-EHKEHYIB.js:132:23
WebGL warning: uniform setter: UniformLocation is not from the current active Program.
[21:27:17.473Z][ERROR][TEXTURE] HUDTexture update error 
Object { error: 1282 }
chunk-EHKEHYIB.js:132:23
WebGL warning: uniform setter: UniformLocation is not from the current active Program.
[21:27:17.520Z][ERROR][TEXTURE] HUDTexture update error 
Object { error: 1282 }
chunk-EHKEHYIB.js:132:23
WebGL warning: uniform setter: UniformLocation is not from the current active Program.
[21:27:17.568Z][ERROR][TEXTURE] HUDTexture update error 
Object { error: 1282 }
chunk-EHKEHYIB.js:132:23
WebGL warning: uniform setter: UniformLocation is not from the current active Program.
[21:27:17.631Z][ERROR][TEXTURE] HUDTexture update error 
Object { error: 1282 }
chunk-EHKEHYIB.js:132:23
WebGL warning: uniform setter: UniformLocation is not from the current active Program.
[21:27:17.678Z][ERROR][TEXTURE] HUDTexture update error 
Object { error: 1282 }
chunk-EHKEHYIB.js:132:23
WebGL warning: uniform setter: UniformLocation is not from the current active Program.
[21:27:17.725Z][ERROR][TEXTURE] HUDTexture update error 
Object { error: 1282 }
chunk-EHKEHYIB.js:132:23
WebGL warning: uniform setter: UniformLocation is not from the current active Program.
[21:27:17.773Z][ERROR][TEXTURE] HUDTexture update error 
Object { error: 1282 }
chunk-EHKEHYIB.js:132:23
WebGL warning: uniform setter: UniformLocation is not from the current active Program.
[21:27:17.821Z][ERROR][TEXTURE] HUDTexture update error 
Object { error: 1282 }
chunk-EHKEHYIB.js:132:23
WebGL warning: uniform setter: UniformLocation is not from the current active Program.
[21:27:17.868Z][ERROR][TEXTURE] HUDTexture update error 
Object { error: 1282 }
chunk-EHKEHYIB.js:132:23
WebGL warning: uniform setter: UniformLocation is not from the current active Program.
[21:27:17.915Z][ERROR][TEXTURE] HUDTexture update error 
Object { error: 1282 }
chunk-EHKEHYIB.js:132:23
WebGL warning: uniform setter: UniformLocation is not from the current active Program.
[21:27:17.963Z][ERROR][TEXTURE] HUDTexture update error 
Object { error: 1282 }
chunk-EHKEHYIB.js:132:23
WebGL warning: uniform setter: UniformLocation is not from the current active Program.
[21:27:18.011Z][ERROR][TEXTURE] HUDTexture update error 
Object { error: 1282 }
chunk-EHKEHYIB.js:132:23
WebGL warning: uniform setter: UniformLocation is not from the current active Program.
[21:27:18.059Z][ERROR][TEXTURE] HUDTexture update error 
Object { error: 1282 }
chunk-EHKEHYIB.js:132:23
WebGL warning: uniform setter: UniformLocation is not from the current active Program.
[21:27:18.106Z][ERROR][TEXTURE] HUDTexture update error 
Object { error: 1282 }
chunk-EHKEHYIB.js:132:23
WebGL warning: uniform setter: UniformLocation is not from the current active Program.
[21:27:18.154Z][ERROR][TEXTURE] HUDTexture update error 
Object { error: 1282 }
chunk-EHKEHYIB.js:132:23
WebGL warning: uniform setter: UniformLocation is not from the current active Program.
[21:27:18.202Z][ERROR][TEXTURE] HUDTexture update error 
Object { error: 1282 }
chunk-EHKEHYIB.js:132:23
WebGL warning: uniform setter: UniformLocation is not from the current active Program.
[21:27:18.249Z][ERROR][TEXTURE] HUDTexture update error 
Object { error: 1282 }
chunk-EHKEHYIB.js:132:23
WebGL warning: uniform setter: UniformLocation is not from the current active Program.
[21:27:18.297Z][ERROR][TEXTURE] HUDTexture update error 
Object { error: 1282 }
chunk-EHKEHYIB.js:132:23
WebGL warning: uniform setter: UniformLocation is not from the current active Program.
[21:27:18.344Z][ERROR][TEXTURE] HUDTexture update error 
Object { error: 1282 }
chunk-EHKEHYIB.js:132:23
WebGL warning: uniform setter: UniformLocation is not from the current active Program.
[21:27:18.391Z][ERROR][TEXTURE] HUDTexture update error 
Object { error: 1282 }
chunk-EHKEHYIB.js:132:23
WebGL warning: uniform setter: UniformLocation is not from the current active Program.
[21:27:18.439Z][ERROR][TEXTURE] HUDTexture update error 
Object { error: 1282 }
chunk-EHKEHYIB.js:132:23
WebGL warning: uniform setter: UniformLocation is not from the current active Program.
[21:27:18.486Z][ERROR][TEXTURE] HUDTexture update error 
Object { error: 1282 }
chunk-EHKEHYIB.js:132:23
WebGL warning: uniform setter: UniformLocation is not from the current active Program.
[21:27:18.534Z][ERROR][TEXTURE] HUDTexture update error 
Object { error: 1282 }
chunk-EHKEHYIB.js:132:23
WebGL warning: uniform setter: UniformLocation is not from the current active Program.
[21:27:18.581Z][ERROR][TEXTURE] HUDTexture update error 
Object { error: 1282 }
chunk-EHKEHYIB.js:132:23
WebGL warning: uniform setter: UniformLocation is not from the current active Program.
[21:27:18.629Z][ERROR][TEXTURE] HUDTexture update error 
Object { error: 1282 }
chunk-EHKEHYIB.js:132:23
WebGL warning: uniform setter: UniformLocation is not from the current active Program.
[21:27:18.675Z][ERROR][TEXTURE] HUDTexture update error 
Object { error: 1282 }
chunk-EHKEHYIB.js:132:23
WebGL warning: uniform setter: UniformLocation is not from the current active Program.
[21:27:18.723Z][ERROR][TEXTURE] HUDTexture update error 
Object { error: 1282 }
chunk-EHKEHYIB.js:132:23
WebGL warning: uniform setter: UniformLocation is not from the current active Program.
[21:27:18.771Z][ERROR][TEXTURE] HUDTexture update error 
Object { error: 1282 }
chunk-EHKEHYIB.js:132:23
WebGL warning: uniform setter: UniformLocation is not from the current active Program.
After reporting 32, no further warnings will be reported for this WebGL context.
[21:27:18.818Z][ERROR][TEXTURE] HUDTexture update error 
Object { error: 1282 }
chunk-EHKEHYIB.js:132:23
[21:27:18.866Z][ERROR][TEXTURE] HUDTexture update error 
Object { error: 1282 }
chunk-EHKEHYIB.js:132:23
[21:27:18.898Z][ERROR][TEXTURE] HUDTexture update error 
Object { error: 1282 }
chunk-EHKEHYIB.js:132:23
[21:27:18.945Z][ERROR][TEXTURE] HUDTexture update error 
Object { error: 1282 }
chunk-EHKEHYIB.js:132:23
[21:27:18.994Z][ERROR][TEXTURE] HUDTexture update error 
Object { error: 1282 }
chunk-EHKEHYIB.js:132:23
[21:27:19.041Z][ERROR][TEXTURE] HUDTexture update error 
Object { error: 1282 }
chunk-EHKEHYIB.js:132:23
[21:27:19.090Z][ERROR][TEXTURE] HUDTexture update error 
Object { error: 1282 }
chunk-EHKEHYIB.js:132:23
[21:27:19.137Z][ERROR][TEXTURE] HUDTexture update error 
Object { error: 1282 }
chunk-EHKEHYIB.js:132:23
[21:27:19.185Z][ERROR][TEXTURE] HUDTexture update error 
Object { error: 1282 }
chunk-EHKEHYIB.js:132:23
[21:27:19.233Z][ERROR][TEXTURE] HUDTexture update error 
Object { error: 1282 }
chunk-EHKEHYIB.js:132:23
[21:27:19.280Z][ERROR][TEXTURE] HUDTexture update error 
Object { error: 1282 }
chunk-EHKEHYIB.js:132:23
[21:27:19.327Z][ERROR][TEXTURE] HUDTexture update error 
Object { error: 1282 }
chunk-EHKEHYIB.js:132:23
[21:27:19.391Z][ERROR][TEXTURE] HUDTexture update error 
Object { error: 1282 }
chunk-EHKEHYIB.js:132:23
[21:27:19.439Z][ERROR][TEXTURE] HUDTexture update error 
Object { error: 1282 }
chunk-EHKEHYIB.js:132:23
[21:27:19.470Z][ERROR][TEXTURE] HUDTexture update error 
Object { error: 1282 }
chunk-EHKEHYIB.js:132:23
[21:27:19.517Z][ERROR][TEXTURE] HUDTexture update error 
Object { error: 1282 }
chunk-EHKEHYIB.js:132:23
[21:27:19.566Z][ERROR][TEXTURE] HUDTexture update error 
Object { error: 1282 }
chunk-EHKEHYIB.js:132:23
[21:27:19.613Z][ERROR][TEXTURE] HUDTexture update error 
Object { error: 1282 }
chunk-EHKEHYIB.js:132:23
[21:27:19.660Z][ERROR][TEXTURE] HUDTexture update error 
Object { error: 1282 }
chunk-EHKEHYIB.js:132:23
[21:27:19.723Z][ERROR][TEXTURE] HUDTexture update error 
Object { error: 1282 }
chunk-EHKEHYIB.js:132:23
[21:27:19.772Z][ERROR][TEXTURE] HUDTexture update error 
Object { error: 1282 }
chunk-EHKEHYIB.js:132:23
[21:27:19.819Z][ERROR][TEXTURE] HUDTexture update error 
Object { error: 1282 }
chunk-EHKEHYIB.js:132:23
[21:27:19.866Z][ERROR][TEXTURE] HUDTexture update error 
Object { error: 1282 }
chunk-EHKEHYIB.js:132:23
[21:27:19.914Z][ERROR][TEXTURE] HUDTexture update error 
Object { error: 1282 }
chunk-EHKEHYIB.js:132:23
[21:27:19.945Z][ERROR][TEXTURE] HUDTexture update error 
Object { error: 1282 }
chunk-EHKEHYIB.js:132:23
[21:27:19.993Z][ERROR][TEXTURE] HUDTexture update error 
Object { error: 1282 }
chunk-EHKEHYIB.js:132:23
[21:27:20.057Z][ERROR][TEXTURE] HUDTexture update error 
Object { error: 1282 }
chunk-EHKEHYIB.js:132:23
[21:27:20.088Z][ERROR][TEXTURE] HUDTexture update error 
Object { error: 1282 }
chunk-EHKEHYIB.js:132:23
[21:27:20.135Z][ERROR][TEXTURE] HUDTexture update error 
Object { error: 1282 }
chunk-EHKEHYIB.js:132:23
[21:27:20.183Z][ERROR][TEXTURE] HUDTexture update error 
Object { error: 1282 }
chunk-EHKEHYIB.js:132:23
[21:27:20.231Z][ERROR][TEXTURE] HUDTexture update error 
Object { error: 1282 }
chunk-EHKEHYIB.js:132:23
[21:27:20.279Z][ERROR][TEXTURE] HUDTexture update error 
Object { error: 1282 }
chunk-EHKEHYIB.js:132:23
[21:27:20.344Z][ERROR][TEXTURE] HUDTexture update error 
Object { error: 1282 }
chunk-EHKEHYIB.js:132:23
[21:27:20.407Z][ERROR][TEXTURE] HUDTexture update error 
Object { error: 1282 }
chunk-EHKEHYIB.js:132:23
[21:27:20.456Z][ERROR][TEXTURE] HUDTexture update error 
Object { error: 1282 }
chunk-EHKEHYIB.js:132:23
