[21:28:48.685Z][ERROR][TEXTURE] HUDTexture update error 
Object { error: 1282 }
chunk-EHKEHYIB.js:132:23
[21:28:48.707Z][DEBUG][TEXTURE] Atmosphere surface texture stats 
Object { paletteKey: "planet-mars|default", planetId: "planet-mars", vertexSamples: 2145, texturedSamples: 2145, texturedRatio: 1, craterRatio: 0.23636363636363636, rockRatio: 0.37668997668997667, sandRatio: 0.38694638694638694, avgMix: 0.44597625874219265, mixRange: (2) […], … }
chunk-EHKEHYIB.js:141:23
[21:28:48.721Z][ERROR][TEXTURE] HUDTexture update error 
Object { error: 1282 }
chunk-EHKEHYIB.js:132:23
[21:28:48.758Z][DEBUG][TEXTURE] Atmosphere surface texture stats 
Object { paletteKey: "planet-mars|default", planetId: "planet-mars", vertexSamples: 2145, texturedSamples: 2145, texturedRatio: 1, craterRatio: 0.23636363636363636, rockRatio: 0.37668997668997667, sandRatio: 0.38694638694638694, avgMix: 0.448574072847156, mixRange: (2) […], … }
chunk-EHKEHYIB.js:141:23
[21:28:48.771Z][ERROR][TEXTURE] HUDTexture update error 
Object { error: 1282 }
chunk-EHKEHYIB.js:132:23
[21:28:48.779Z][DEBUG][TEXTURE] Atmosphere surface texture stats 
Object { paletteKey: "planet-mars|default", planetId: "planet-mars", vertexSamples: 2145, texturedSamples: 2145, texturedRatio: 1, craterRatio: 0.23636363636363636, rockRatio: 0.37668997668997667, sandRatio: 0.38694638694638694, avgMix: 0.44843453696769714, mixRange: (2) […], … }
chunk-EHKEHYIB.js:141:23
[21:28:48.793Z][ERROR][TEXTURE] HUDTexture update error 
Object { error: 1282 }
chunk-EHKEHYIB.js:132:23
[21:28:48.832Z][DEBUG][TEXTURE] Atmosphere surface texture stats 
Object { paletteKey: "planet-mars|default", planetId: "planet-mars", vertexSamples: 2145, texturedSamples: 2145, texturedRatio: 1, craterRatio: 0.23636363636363636, rockRatio: 0.37668997668997667, sandRatio: 0.38694638694638694, avgMix: 0.44964298554284005, mixRange: (2) […], … }
chunk-EHKEHYIB.js:141:23
[21:28:48.851Z][ERROR][TEXTURE] HUDTexture update error 
Object { error: 1282 }
chunk-EHKEHYIB.js:132:23
[21:28:48.884Z][DEBUG][TEXTURE] Atmosphere surface texture stats 
Object { paletteKey: "planet-mars|default", planetId: "planet-mars", vertexSamples: 2145, texturedSamples: 2145, texturedRatio: 1, craterRatio: 0.23636363636363636, rockRatio: 0.37668997668997667, sandRatio: 0.38694638694638694, avgMix: 0.4484665400601064, mixRange: (2) […], … }
chunk-EHKEHYIB.js:141:23
[21:28:48.898Z][ERROR][TEXTURE] HUDTexture update error 
Object { error: 1282 }
chunk-EHKEHYIB.js:132:23
[21:28:48.932Z][DEBUG][TEXTURE] Atmosphere surface texture stats 
Object { paletteKey: "planet-mars|default", planetId: "planet-mars", vertexSamples: 2145, texturedSamples: 2145, texturedRatio: 1, craterRatio: 0.23636363636363636, rockRatio: 0.37668997668997667, sandRatio: 0.38694638694638694, avgMix: 0.44872387119376234, mixRange: (2) […], … }
chunk-EHKEHYIB.js:141:23
[21:28:48.945Z][ERROR][TEXTURE] HUDTexture update error 
Object { error: 1282 }
chunk-EHKEHYIB.js:132:23
[21:28:48.979Z][DEBUG][TEXTURE] Atmosphere surface texture stats 
Object { paletteKey: "planet-mars|default", planetId: "planet-mars", vertexSamples: 2145, texturedSamples: 2145, texturedRatio: 1, craterRatio: 0.23636363636363636, rockRatio: 0.37668997668997667, sandRatio: 0.38694638694638694, avgMix: 0.4502532581618019, mixRange: (2) […], … }
chunk-EHKEHYIB.js:141:23
[21:28:48.993Z][ERROR][TEXTURE] HUDTexture update error 
Object { error: 1282 }
chunk-EHKEHYIB.js:132:23
[21:28:49.027Z][DEBUG][TEXTURE] Atmosphere surface texture stats 
Object { paletteKey: "planet-mars|default", planetId: "planet-mars", vertexSamples: 2145, texturedSamples: 2145, texturedRatio: 1, craterRatio: 0.23636363636363636, rockRatio: 0.37668997668997667, sandRatio: 0.38694638694638694, avgMix: 0.4546395492331763, mixRange: (2) […], … }
chunk-EHKEHYIB.js:141:23
[21:28:49.041Z][ERROR][TEXTURE] HUDTexture update error 
Object { error: 1282 }
chunk-EHKEHYIB.js:132:23
[21:28:49.074Z][DEBUG][TEXTURE] Atmosphere surface texture stats 
Object { paletteKey: "planet-mars|default", planetId: "planet-mars", vertexSamples: 2145, texturedSamples: 2145, texturedRatio: 1, craterRatio: 0.23636363636363636, rockRatio: 0.37668997668997667, sandRatio: 0.38694638694638694, avgMix: 0.4553521404407468, mixRange: (2) […], … }
chunk-EHKEHYIB.js:141:23
[21:28:49.089Z][ERROR][TEXTURE] HUDTexture update error 
Object { error: 1282 }
chunk-EHKEHYIB.js:132:23
[21:28:49.123Z][DEBUG][TEXTURE] Atmosphere surface texture stats 
Object { paletteKey: "planet-mars|default", planetId: "planet-mars", vertexSamples: 2145, texturedSamples: 2145, texturedRatio: 1, craterRatio: 0.23636363636363636, rockRatio: 0.37668997668997667, sandRatio: 0.38694638694638694, avgMix: 0.4528253303521025, mixRange: (2) […], … }
chunk-EHKEHYIB.js:141:23
[21:28:49.135Z][ERROR][TEXTURE] HUDTexture update error 
Object { error: 1282 }
chunk-EHKEHYIB.js:132:23
[21:28:49.169Z][DEBUG][TEXTURE] Atmosphere surface texture stats 
Object { paletteKey: "planet-mars|default", planetId: "planet-mars", vertexSamples: 2145, texturedSamples: 2145, texturedRatio: 1, craterRatio: 0.23636363636363636, rockRatio: 0.37668997668997667, sandRatio: 0.38694638694638694, avgMix: 0.4528284875733015, mixRange: (2) […], … }
chunk-EHKEHYIB.js:141:23
[21:28:49.183Z][ERROR][TEXTURE] HUDTexture update error 
Object { error: 1282 }
chunk-EHKEHYIB.js:132:23
[21:28:49.216Z][DEBUG][TEXTURE] Atmosphere surface texture stats 
Object { paletteKey: "planet-mars|default", planetId: "planet-mars", vertexSamples: 2145, texturedSamples: 2145, texturedRatio: 1, craterRatio: 0.23636363636363636, rockRatio: 0.37668997668997667, sandRatio: 0.38694638694638694, avgMix: 0.4561308240295713, mixRange: (2) […], … }
chunk-EHKEHYIB.js:141:23
[21:28:49.246Z][ERROR][TEXTURE] HUDTexture update error 
Object { error: 1282 }
chunk-EHKEHYIB.js:132:23
[21:28:49.279Z][DEBUG][TEXTURE] Atmosphere surface texture stats 
Object { paletteKey: "planet-mars|default", planetId: "planet-mars", vertexSamples: 2145, texturedSamples: 2145, texturedRatio: 1, craterRatio: 0.23636363636363636, rockRatio: 0.37668997668997667, sandRatio: 0.38694638694638694, avgMix: 0.45915640506004024, mixRange: (2) […], … }
chunk-EHKEHYIB.js:141:23
[21:28:49.294Z][ERROR][TEXTURE] HUDTexture update error 
Object { error: 1282 }
chunk-EHKEHYIB.js:132:23
[21:28:49.327Z][DEBUG][TEXTURE] Atmosphere surface texture stats 
Object { paletteKey: "planet-mars|default", planetId: "planet-mars", vertexSamples: 2145, texturedSamples: 2145, texturedRatio: 1, craterRatio: 0.23636363636363636, rockRatio: 0.37668997668997667, sandRatio: 0.38694638694638694, avgMix: 0.46006901620922175, mixRange: (2) […], … }
chunk-EHKEHYIB.js:141:23
[21:28:49.341Z][ERROR][TEXTURE] HUDTexture update error 
Object { error: 1282 }
chunk-EHKEHYIB.js:132:23
[21:28:49.374Z][DEBUG][TEXTURE] Atmosphere surface texture stats 
Object { paletteKey: "planet-mars|default", planetId: "planet-mars", vertexSamples: 2145, texturedSamples: 2145, texturedRatio: 1, craterRatio: 0.23636363636363636, rockRatio: 0.37668997668997667, sandRatio: 0.38694638694638694, avgMix: 0.45902992086175226, mixRange: (2) […], … }
chunk-EHKEHYIB.js:141:23
[21:28:49.389Z][ERROR][TEXTURE] HUDTexture update error 
Object { error: 1282 }
chunk-EHKEHYIB.js:132:23
[21:28:49.407Z][DEBUG][TEXTURE] Atmosphere surface texture stats 
Object { paletteKey: "planet-mars|default", planetId: "planet-mars", vertexSamples: 2145, texturedSamples: 2145, texturedRatio: 1, craterRatio: 0.23636363636363636, rockRatio: 0.37668997668997667, sandRatio: 0.38694638694638694, avgMix: 0.46099750453042876, mixRange: (2) […], … }
chunk-EHKEHYIB.js:141:23
[21:28:49.420Z][ERROR][TEXTURE] HUDTexture update error 
Object { error: 1282 }
chunk-EHKEHYIB.js:132:23
[21:28:49.456Z][DEBUG][TEXTURE] Atmosphere surface texture stats 
Object { paletteKey: "planet-mars|default", planetId: "planet-mars", vertexSamples: 2145, texturedSamples: 2145, texturedRatio: 1, craterRatio: 0.23636363636363636, rockRatio: 0.37668997668997667, sandRatio: 0.38694638694638694, avgMix: 0.46053988622431163, mixRange: (2) […], … }
chunk-EHKEHYIB.js:141:23
[21:28:49.468Z][ERROR][TEXTURE] HUDTexture update error 
Object { error: 1282 }
chunk-EHKEHYIB.js:132:23
[21:28:49.502Z][DEBUG][TEXTURE] Atmosphere surface texture stats 
Object { paletteKey: "planet-mars|default", planetId: "planet-mars", vertexSamples: 2145, texturedSamples: 2145, texturedRatio: 1, craterRatio: 0.23636363636363636, rockRatio: 0.37668997668997667, sandRatio: 0.38694638694638694, avgMix: 0.4582006143780011, mixRange: (2) […], … }
chunk-EHKEHYIB.js:141:23
[21:28:49.516Z][ERROR][TEXTURE] HUDTexture update error 
Object { error: 1282 }
chunk-EHKEHYIB.js:132:23
[21:28:49.549Z][DEBUG][TEXTURE] Atmosphere surface texture stats 
Object { paletteKey: "planet-mars|default", planetId: "planet-mars", vertexSamples: 2145, texturedSamples: 2145, texturedRatio: 1, craterRatio: 0.23636363636363636, rockRatio: 0.37668997668997667, sandRatio: 0.38694638694638694, avgMix: 0.46378930302026705, mixRange: (2) […], … }
chunk-EHKEHYIB.js:141:23
[21:28:49.563Z][ERROR][TEXTURE] HUDTexture update error 
Object { error: 1282 }
chunk-EHKEHYIB.js:132:23
[21:28:49.597Z][DEBUG][TEXTURE] Atmosphere surface texture stats 
Object { paletteKey: "planet-mars|default", planetId: "planet-mars", vertexSamples: 2145, texturedSamples: 2145, texturedRatio: 1, craterRatio: 0.23636363636363636, rockRatio: 0.37668997668997667, sandRatio: 0.38694638694638694, avgMix: 0.466215250639366, mixRange: (2) […], … }
chunk-EHKEHYIB.js:141:23
[21:28:49.611Z][ERROR][TEXTURE] HUDTexture update error 
Object { error: 1282 }
chunk-EHKEHYIB.js:132:23
[21:28:49.644Z][DEBUG][TEXTURE] Atmosphere surface texture stats 
Object { paletteKey: "planet-mars|default", planetId: "planet-mars", vertexSamples: 2145, texturedSamples: 2145, texturedRatio: 1, craterRatio: 0.23636363636363636, rockRatio: 0.37668997668997667, sandRatio: 0.38694638694638694, avgMix: 0.4647262231781355, mixRange: (2) […], … }
chunk-EHKEHYIB.js:141:23
[21:28:49.658Z][ERROR][TEXTURE] HUDTexture update error 
Object { error: 1282 }
chunk-EHKEHYIB.js:132:23
[21:28:49.691Z][DEBUG][TEXTURE] Atmosphere surface texture stats 
Object { paletteKey: "planet-mars|default", planetId: "planet-mars", vertexSamples: 2145, texturedSamples: 2145, texturedRatio: 1, craterRatio: 0.23636363636363636, rockRatio: 0.37668997668997667, sandRatio: 0.38694638694638694, avgMix: 0.46723048624901875, mixRange: (2) […], … }
chunk-EHKEHYIB.js:141:23
[21:28:49.705Z][ERROR][TEXTURE] HUDTexture update error 
Object { error: 1282 }
chunk-EHKEHYIB.js:132:23
[21:28:49.741Z][DEBUG][TEXTURE] Atmosphere surface texture stats 
Object { paletteKey: "planet-mars|default", planetId: "planet-mars", vertexSamples: 2145, texturedSamples: 2145, texturedRatio: 1, craterRatio: 0.23636363636363636, rockRatio: 0.37668997668997667, sandRatio: 0.38694638694638694, avgMix: 0.4684299756925426, mixRange: (2) […], … }
chunk-EHKEHYIB.js:141:23
[21:28:49.753Z][ERROR][TEXTURE] HUDTexture update error 
Object { error: 1282 }
chunk-EHKEHYIB.js:132:23
[21:28:49.787Z][DEBUG][TEXTURE] Atmosphere surface texture stats 
Object { paletteKey: "planet-mars|default", planetId: "planet-mars", vertexSamples: 2145, texturedSamples: 2145, texturedRatio: 1, craterRatio: 0.23636363636363636, rockRatio: 0.37668997668997667, sandRatio: 0.38694638694638694, avgMix: 0.46892214296280754, mixRange: (2) […], … }
chunk-EHKEHYIB.js:141:23
[21:28:49.801Z][ERROR][TEXTURE] HUDTexture update error 
Object { error: 1282 }
chunk-EHKEHYIB.js:132:23
[21:28:49.819Z][DEBUG][TEXTURE] Atmosphere surface texture stats 
Object { paletteKey: "planet-mars|default", planetId: "planet-mars", vertexSamples: 2145, texturedSamples: 2145, texturedRatio: 1, craterRatio: 0.23636363636363636, rockRatio: 0.37668997668997667, sandRatio: 0.38694638694638694, avgMix: 0.47018303779162307, mixRange: (2) […], … }
chunk-EHKEHYIB.js:141:23
[21:28:49.833Z][ERROR][TEXTURE] HUDTexture update error 
Object { error: 1282 }
chunk-EHKEHYIB.js:132:23
[21:28:49.867Z][DEBUG][TEXTURE] Atmosphere surface texture stats 
Object { paletteKey: "planet-mars|default", planetId: "planet-mars", vertexSamples: 2145, texturedSamples: 2145, texturedRatio: 1, craterRatio: 0.23636363636363636, rockRatio: 0.37668997668997667, sandRatio: 0.38694638694638694, avgMix: 0.47210879863750455, mixRange: (2) […], … }
chunk-EHKEHYIB.js:141:23
[21:28:49.897Z][ERROR][TEXTURE] HUDTexture update error 
Object { error: 1282 }
chunk-EHKEHYIB.js:132:23
[21:28:49.914Z][DEBUG][TEXTURE] Atmosphere surface texture stats 
Object { paletteKey: "planet-mars|default", planetId: "planet-mars", vertexSamples: 2145, texturedSamples: 2145, texturedRatio: 1, craterRatio: 0.23636363636363636, rockRatio: 0.37668997668997667, sandRatio: 0.38694638694638694, avgMix: 0.47112156742935546, mixRange: (2) […], … }
chunk-EHKEHYIB.js:141:23
[21:28:49.928Z][ERROR][TEXTURE] HUDTexture update error 
Object { error: 1282 }
chunk-EHKEHYIB.js:132:23
[21:28:49.962Z][DEBUG][TEXTURE] Atmosphere surface texture stats 
Object { paletteKey: "planet-mars|default", planetId: "planet-mars", vertexSamples: 2145, texturedSamples: 2145, texturedRatio: 1, craterRatio: 0.23636363636363636, rockRatio: 0.37668997668997667, sandRatio: 0.38694638694638694, avgMix: 0.47314319325434556, mixRange: (2) […], … }
chunk-EHKEHYIB.js:141:23
[21:28:49.976Z][ERROR][TEXTURE] HUDTexture update error 
Object { error: 1282 }
chunk-EHKEHYIB.js:132:23
[21:28:50.010Z][DEBUG][TEXTURE] Atmosphere surface texture stats 
Object { paletteKey: "planet-mars|default", planetId: "planet-mars", vertexSamples: 2145, texturedSamples: 2145, texturedRatio: 1, craterRatio: 0.23636363636363636, rockRatio: 0.37668997668997667, sandRatio: 0.38694638694638694, avgMix: 0.4724521385559709, mixRange: (2) […], … }
chunk-EHKEHYIB.js:141:23
[21:28:50.024Z][ERROR][TEXTURE] HUDTexture update error 
Object { error: 1282 }
chunk-EHKEHYIB.js:132:23
[21:28:50.041Z][DEBUG][TEXTURE] Atmosphere surface texture stats 
Object { paletteKey: "planet-mars|default", planetId: "planet-mars", vertexSamples: 2145, texturedSamples: 2145, texturedRatio: 1, craterRatio: 0.23636363636363636, rockRatio: 0.37668997668997667, sandRatio: 0.38694638694638694, avgMix: 0.47517161863462787, mixRange: (2) […], … }
chunk-EHKEHYIB.js:141:23
[21:28:50.055Z][ERROR][TEXTURE] HUDTexture update error 
Object { error: 1282 }
chunk-EHKEHYIB.js:132:23
[21:28:50.089Z][DEBUG][TEXTURE] Atmosphere surface texture stats 
Object { paletteKey: "planet-mars|default", planetId: "planet-mars", vertexSamples: 2145, texturedSamples: 2145, texturedRatio: 1, craterRatio: 0.23636363636363636, rockRatio: 0.37668997668997667, sandRatio: 0.38694638694638694, avgMix: 0.47693830974643747, mixRange: (2) […], … }
chunk-EHKEHYIB.js:141:23
[21:28:50.102Z][ERROR][TEXTURE] HUDTexture update error 
Object { error: 1282 }
chunk-EHKEHYIB.js:132:23
[21:28:50.136Z][DEBUG][TEXTURE] Atmosphere surface texture stats 
Object { paletteKey: "planet-mars|default", planetId: "planet-mars", vertexSamples: 2145, texturedSamples: 2145, texturedRatio: 1, craterRatio: 0.23636363636363636, rockRatio: 0.37668997668997667, sandRatio: 0.38694638694638694, avgMix: 0.47691315960190606, mixRange: (2) […], … }
chunk-EHKEHYIB.js:141:23
[21:28:50.149Z][ERROR][TEXTURE] HUDTexture update error 
Object { error: 1282 }
chunk-EHKEHYIB.js:132:23
[21:28:50.183Z][DEBUG][TEXTURE] Atmosphere surface texture stats 
Object { paletteKey: "planet-mars|default", planetId: "planet-mars", vertexSamples: 2145, texturedSamples: 2145, texturedRatio: 1, craterRatio: 0.23636363636363636, rockRatio: 0.37668997668997667, sandRatio: 0.38694638694638694, avgMix: 0.47606097343933834, mixRange: (2) […], … }
chunk-EHKEHYIB.js:141:23
[21:28:50.197Z][ERROR][TEXTURE] HUDTexture update error 
Object { error: 1282 }
chunk-EHKEHYIB.js:132:23
[21:28:50.232Z][DEBUG][TEXTURE] Atmosphere surface texture stats 
Object { paletteKey: "planet-mars|default", planetId: "planet-mars", vertexSamples: 2145, texturedSamples: 2145, texturedRatio: 1, craterRatio: 0.23636363636363636, rockRatio: 0.37668997668997667, sandRatio: 0.38694638694638694, avgMix: 0.47771072951764815, mixRange: (2) […], … }
chunk-EHKEHYIB.js:141:23
[21:28:50.245Z][ERROR][TEXTURE] HUDTexture update error 
Object { error: 1282 }
chunk-EHKEHYIB.js:132:23
[21:28:50.279Z][DEBUG][TEXTURE] Atmosphere surface texture stats 
Object { paletteKey: "planet-mars|default", planetId: "planet-mars", vertexSamples: 2145, texturedSamples: 2145, texturedRatio: 1, craterRatio: 0.23636363636363636, rockRatio: 0.37668997668997667, sandRatio: 0.38694638694638694, avgMix: 0.47771844934130936, mixRange: (2) […], … }
chunk-EHKEHYIB.js:141:23
[21:28:50.293Z][ERROR][TEXTURE] HUDTexture update error 
Object { error: 1282 }
chunk-EHKEHYIB.js:132:23
[21:28:50.327Z][DEBUG][TEXTURE] Atmosphere surface texture stats 
Object { paletteKey: "planet-mars|default", planetId: "planet-mars", vertexSamples: 2145, texturedSamples: 2145, texturedRatio: 1, craterRatio: 0.23636363636363636, rockRatio: 0.37668997668997667, sandRatio: 0.38694638694638694, avgMix: 0.48050127411929583, mixRange: (2) […], … }
chunk-EHKEHYIB.js:141:23
[21:28:50.341Z][ERROR][TEXTURE] HUDTexture update error 
Object { error: 1282 }
chunk-EHKEHYIB.js:132:23
[21:28:50.375Z][DEBUG][TEXTURE] Atmosphere surface texture stats 
Object { paletteKey: "planet-mars|default", planetId: "planet-mars", vertexSamples: 2145, texturedSamples: 2145, texturedRatio: 1, craterRatio: 0.23636363636363636, rockRatio: 0.37668997668997667, sandRatio: 0.38694638694638694, avgMix: 0.4782115449647781, mixRange: (2) […], … }
chunk-EHKEHYIB.js:141:23
[21:28:50.389Z][ERROR][TEXTURE] HUDTexture update error 
Object { error: 1282 }
chunk-EHKEHYIB.js:132:23
[21:28:50.423Z][DEBUG][TEXTURE] Atmosphere surface texture stats 
Object { paletteKey: "planet-mars|default", planetId: "planet-mars", vertexSamples: 2145, texturedSamples: 2145, texturedRatio: 1, craterRatio: 0.23636363636363636, rockRatio: 0.37668997668997667, sandRatio: 0.38694638694638694, avgMix: 0.4826633470330273, mixRange: (2) […], … }
chunk-EHKEHYIB.js:141:23
[21:28:50.436Z][ERROR][TEXTURE] HUDTexture update error 
Object { error: 1282 }
chunk-EHKEHYIB.js:132:23
[21:28:50.471Z][DEBUG][TEXTURE] Atmosphere surface texture stats 
Object { paletteKey: "planet-mars|default", planetId: "planet-mars", vertexSamples: 2145, texturedSamples: 2145, texturedRatio: 1, craterRatio: 0.23636363636363636, rockRatio: 0.37668997668997667, sandRatio: 0.38694638694638694, avgMix: 0.4816062129321545, mixRange: (2) […], … }
chunk-EHKEHYIB.js:141:23
[21:28:50.483Z][ERROR][TEXTURE] HUDTexture update error 
Object { error: 1282 }
chunk-EHKEHYIB.js:132:23
[21:28:50.518Z][DEBUG][TEXTURE] Atmosphere surface texture stats 
Object { paletteKey: "planet-mars|default", planetId: "planet-mars", vertexSamples: 2145, texturedSamples: 2145, texturedRatio: 1, craterRatio: 0.23636363636363636, rockRatio: 0.37668997668997667, sandRatio: 0.38694638694638694, avgMix: 0.4828081146368196, mixRange: (2) […], … }
chunk-EHKEHYIB.js:141:23
[21:28:50.547Z][ERROR][TEXTURE] HUDTexture update error 
Object { error: 1282 }
chunk-EHKEHYIB.js:132:23
[21:28:50.581Z][DEBUG][TEXTURE] Atmosphere surface texture stats 
Object { paletteKey: "planet-mars|default", planetId: "planet-mars", vertexSamples: 2145, texturedSamples: 2145, texturedRatio: 1, craterRatio: 0.23636363636363636, rockRatio: 0.37668997668997667, sandRatio: 0.38694638694638694, avgMix: 0.4853039213527847, mixRange: (2) […], … }
chunk-EHKEHYIB.js:141:23
[21:28:50.595Z][ERROR][TEXTURE] HUDTexture update error 
Object { error: 1282 }
chunk-EHKEHYIB.js:132:23
[21:28:50.628Z][DEBUG][TEXTURE] Atmosphere surface texture stats 
Object { paletteKey: "planet-mars|default", planetId: "planet-mars", vertexSamples: 2145, texturedSamples: 2145, texturedRatio: 1, craterRatio: 0.23636363636363636, rockRatio: 0.37668997668997667, sandRatio: 0.38694638694638694, avgMix: 0.48724050299781385, mixRange: (2) […], … }
chunk-EHKEHYIB.js:141:23
[21:28:50.642Z][ERROR][TEXTURE] HUDTexture update error 
Object { error: 1282 }
chunk-EHKEHYIB.js:132:23
[21:28:50.675Z][DEBUG][TEXTURE] Atmosphere surface texture stats 
Object { paletteKey: "planet-mars|default", planetId: "planet-mars", vertexSamples: 2145, texturedSamples: 2145, texturedRatio: 1, craterRatio: 0.23636363636363636, rockRatio: 0.37668997668997667, sandRatio: 0.38694638694638694, avgMix: 0.48725101230935636, mixRange: (2) […], … }
chunk-EHKEHYIB.js:141:23
[21:28:50.690Z][ERROR][TEXTURE] HUDTexture update error 
Object { error: 1282 }
chunk-EHKEHYIB.js:132:23
[21:28:50.723Z][DEBUG][TEXTURE] Atmosphere surface texture stats 
Object { paletteKey: "planet-mars|default", planetId: "planet-mars", vertexSamples: 2145, texturedSamples: 2145, texturedRatio: 1, craterRatio: 0.23636363636363636, rockRatio: 0.37668997668997667, sandRatio: 0.38694638694638694, avgMix: 0.484937295808859, mixRange: (2) […], … }
chunk-EHKEHYIB.js:141:23
[21:28:50.738Z][ERROR][TEXTURE] HUDTexture update error 
Object { error: 1282 }
chunk-EHKEHYIB.js:132:23
[21:28:50.772Z][DEBUG][TEXTURE] Atmosphere surface texture stats 
Object { paletteKey: "planet-mars|default", planetId: "planet-mars", vertexSamples: 2145, texturedSamples: 2145, texturedRatio: 1, craterRatio: 0.23636363636363636, rockRatio: 0.37668997668997667, sandRatio: 0.38694638694638694, avgMix: 0.48634145379809246, mixRange: (2) […], … }
chunk-EHKEHYIB.js:141:23
[21:28:50.785Z][ERROR][TEXTURE] HUDTexture update error 
Object { error: 1282 }
chunk-EHKEHYIB.js:132:23
[21:28:50.820Z][DEBUG][TEXTURE] Atmosphere surface texture stats 
Object { paletteKey: "planet-mars|default", planetId: "planet-mars", vertexSamples: 2145, texturedSamples: 2145, texturedRatio: 1, craterRatio: 0.23636363636363636, rockRatio: 0.37668997668997667, sandRatio: 0.38694638694638694, avgMix: 0.48899602466122744, mixRange: (2) […], … }
chunk-EHKEHYIB.js:141:23
[21:28:50.832Z][ERROR][TEXTURE] HUDTexture update error 
Object { error: 1282 }
chunk-EHKEHYIB.js:132:23
[21:28:50.866Z][DEBUG][TEXTURE] Atmosphere surface texture stats 
Object { paletteKey: "planet-mars|default", planetId: "planet-mars", vertexSamples: 2145, texturedSamples: 2145, texturedRatio: 1, craterRatio: 0.23636363636363636, rockRatio: 0.37668997668997667, sandRatio: 0.38694638694638694, avgMix: 0.48910178483423117, mixRange: (2) […], … }
chunk-EHKEHYIB.js:141:23
[21:28:50.896Z][ERROR][TEXTURE] HUDTexture update error 
Object { error: 1282 }
chunk-EHKEHYIB.js:132:23
[21:28:50.929Z][DEBUG][TEXTURE] Atmosphere surface texture stats 
Object { paletteKey: "planet-mars|default", planetId: "planet-mars", vertexSamples: 2145, texturedSamples: 2145, texturedRatio: 1, craterRatio: 0.23636363636363636, rockRatio: 0.37668997668997667, sandRatio: 0.38694638694638694, avgMix: 0.48902440856197993, mixRange: (2) […], … }
chunk-EHKEHYIB.js:141:23
[21:28:50.943Z][ERROR][TEXTURE] HUDTexture update error 
Object { error: 1282 }
chunk-EHKEHYIB.js:132:23
[21:28:50.977Z][DEBUG][TEXTURE] Atmosphere surface texture stats 
Object { paletteKey: "planet-mars|default", planetId: "planet-mars", vertexSamples: 2145, texturedSamples: 2145, texturedRatio: 1, craterRatio: 0.23636363636363636, rockRatio: 0.37668997668997667, sandRatio: 0.38694638694638694, avgMix: 0.49165578710582536, mixRange: (2) […], … }
chunk-EHKEHYIB.js:141:23
[21:28:50.992Z][ERROR][TEXTURE] HUDTexture update error 
Object { error: 1282 }
chunk-EHKEHYIB.js:132:23
[21:28:51.026Z][DEBUG][TEXTURE] Atmosphere surface texture stats 
Object { paletteKey: "planet-mars|default", planetId: "planet-mars", vertexSamples: 2145, texturedSamples: 2145, texturedRatio: 1, craterRatio: 0.23636363636363636, rockRatio: 0.37668997668997667, sandRatio: 0.38694638694638694, avgMix: 0.49270000553257265, mixRange: (2) […], … }
chunk-EHKEHYIB.js:141:23
[21:28:51.055Z][ERROR][TEXTURE] HUDTexture update error 
Object { error: 1282 }
chunk-EHKEHYIB.js:132:23
[21:28:51.089Z][DEBUG][TEXTURE] Atmosphere surface texture stats 
Object { paletteKey: "planet-mars|default", planetId: "planet-mars", vertexSamples: 2145, texturedSamples: 2145, texturedRatio: 1, craterRatio: 0.23636363636363636, rockRatio: 0.37668997668997667, sandRatio: 0.38694638694638694, avgMix: 0.4896806672180011, mixRange: (2) […], … }
chunk-EHKEHYIB.js:141:23
[21:28:51.103Z][ERROR][TEXTURE] HUDTexture update error 
Object { error: 1282 }
chunk-EHKEHYIB.js:132:23
[21:28:51.137Z][DEBUG][TEXTURE] Atmosphere surface texture stats 
Object { paletteKey: "planet-mars|default", planetId: "planet-mars", vertexSamples: 2145, texturedSamples: 2145, texturedRatio: 1, craterRatio: 0.23636363636363636, rockRatio: 0.37668997668997667, sandRatio: 0.38694638694638694, avgMix: 0.4927323268743371, mixRange: (2) […], … }
chunk-EHKEHYIB.js:141:23
[21:28:51.151Z][ERROR][TEXTURE] HUDTexture update error 
Object { error: 1282 }
chunk-EHKEHYIB.js:132:23
[21:28:51.184Z][DEBUG][TEXTURE] Atmosphere surface texture stats 
Object { paletteKey: "planet-mars|default", planetId: "planet-mars", vertexSamples: 2145, texturedSamples: 2145, texturedRatio: 1, craterRatio: 0.23636363636363636, rockRatio: 0.37668997668997667, sandRatio: 0.38694638694638694, avgMix: 0.49554365096059194, mixRange: (2) […], … }
chunk-EHKEHYIB.js:141:23
[21:28:51.198Z][ERROR][TEXTURE] HUDTexture update error 
Object { error: 1282 }
chunk-EHKEHYIB.js:132:23
[21:28:51.216Z][DEBUG][TEXTURE] Atmosphere surface texture stats 
Object { paletteKey: "planet-mars|default", planetId: "planet-mars", vertexSamples: 2145, texturedSamples: 2145, texturedRatio: 1, craterRatio: 0.23636363636363636, rockRatio: 0.37668997668997667, sandRatio: 0.38694638694638694, avgMix: 0.4958892120983537, mixRange: (2) […], … }
chunk-EHKEHYIB.js:141:23
[21:28:51.230Z][ERROR][TEXTURE] HUDTexture update error 
Object { error: 1282 }
chunk-EHKEHYIB.js:132:23
[21:28:51.263Z][DEBUG][TEXTURE] Atmosphere surface texture stats 
Object { paletteKey: "planet-mars|default", planetId: "planet-mars", vertexSamples: 2145, texturedSamples: 2145, texturedRatio: 1, craterRatio: 0.23636363636363636, rockRatio: 0.37668997668997667, sandRatio: 0.38694638694638694, avgMix: 0.49556948543120266, mixRange: (2) […], … }
chunk-EHKEHYIB.js:141:23
[21:28:51.277Z][ERROR][TEXTURE] HUDTexture update error 
Object { error: 1282 }
chunk-EHKEHYIB.js:132:23
[21:28:51.312Z][DEBUG][TEXTURE] Atmosphere surface texture stats 
Object { paletteKey: "planet-mars|default", planetId: "planet-mars", vertexSamples: 2145, texturedSamples: 2145, texturedRatio: 1, craterRatio: 0.23636363636363636, rockRatio: 0.37668997668997667, sandRatio: 0.38694638694638694, avgMix: 0.4969758999075091, mixRange: (2) […], … }
chunk-EHKEHYIB.js:141:23
[21:28:51.324Z][ERROR][TEXTURE] HUDTexture update error 
Object { error: 1282 }
chunk-EHKEHYIB.js:132:23
[21:28:51.358Z][DEBUG][TEXTURE] Atmosphere surface texture stats 
Object { paletteKey: "planet-mars|default", planetId: "planet-mars", vertexSamples: 2145, texturedSamples: 2145, texturedRatio: 1, craterRatio: 0.23636363636363636, rockRatio: 0.37668997668997667, sandRatio: 0.38694638694638694, avgMix: 0.4985494710690012, mixRange: (2) […], … }
chunk-EHKEHYIB.js:141:23
[21:28:51.372Z][ERROR][TEXTURE] HUDTexture update error 
Object { error: 1282 }
chunk-EHKEHYIB.js:132:23
[21:28:51.407Z][DEBUG][TEXTURE] Atmosphere surface texture stats 
Object { paletteKey: "planet-mars|default", planetId: "planet-mars", vertexSamples: 2145, texturedSamples: 2145, texturedRatio: 1, craterRatio: 0.23636363636363636, rockRatio: 0.37668997668997667, sandRatio: 0.38694638694638694, avgMix: 0.5008650382481123, mixRange: (2) […], … }
chunk-EHKEHYIB.js:141:23
[21:28:51.420Z][ERROR][TEXTURE] HUDTexture update error 
Object { error: 1282 }
chunk-EHKEHYIB.js:132:23
[21:28:51.454Z][DEBUG][TEXTURE] Atmosphere surface texture stats 
Object { paletteKey: "planet-mars|default", planetId: "planet-mars", vertexSamples: 2145, texturedSamples: 2145, texturedRatio: 1, craterRatio: 0.23636363636363636, rockRatio: 0.37668997668997667, sandRatio: 0.38694638694638694, avgMix: 0.4991139656549575, mixRange: (2) […], … }
chunk-EHKEHYIB.js:141:23
[21:28:51.467Z][ERROR][TEXTURE] HUDTexture update error 
Object { error: 1282 }
chunk-EHKEHYIB.js:132:23
[21:28:51.502Z][DEBUG][TEXTURE] Atmosphere surface texture stats 
Object { paletteKey: "planet-mars|default", planetId: "planet-mars", vertexSamples: 2145, texturedSamples: 2145, texturedRatio: 1, craterRatio: 0.23636363636363636, rockRatio: 0.37668997668997667, sandRatio: 0.38694638694638694, avgMix: 0.5011199362875667, mixRange: (2) […], … }
chunk-EHKEHYIB.js:141:23
[21:28:51.531Z][ERROR][TEXTURE] HUDTexture update error 
Object { error: 1282 }
chunk-EHKEHYIB.js:132:23
[21:28:51.565Z][DEBUG][TEXTURE] Atmosphere surface texture stats 
Object { paletteKey: "planet-mars|default", planetId: "planet-mars", vertexSamples: 2145, texturedSamples: 2145, texturedRatio: 1, craterRatio: 0.23636363636363636, rockRatio: 0.37668997668997667, sandRatio: 0.38694638694638694, avgMix: 0.5007994932718797, mixRange: (2) […], … }
chunk-EHKEHYIB.js:141:23
[21:28:51.578Z][ERROR][TEXTURE] HUDTexture update error 
Object { error: 1282 }
chunk-EHKEHYIB.js:132:23
[21:28:51.611Z][DEBUG][TEXTURE] Atmosphere surface texture stats 
Object { paletteKey: "planet-mars|default", planetId: "planet-mars", vertexSamples: 2145, texturedSamples: 2145, texturedRatio: 1, craterRatio: 0.23636363636363636, rockRatio: 0.37668997668997667, sandRatio: 0.38694638694638694, avgMix: 0.5015287333566653, mixRange: (2) […], … }
chunk-EHKEHYIB.js:141:23
[21:28:51.625Z][ERROR][TEXTURE] HUDTexture update error 
Object { error: 1282 }
chunk-EHKEHYIB.js:132:23
[21:28:51.659Z][DEBUG][TEXTURE] Atmosphere surface texture stats 
Object { paletteKey: "planet-mars|default", planetId: "planet-mars", vertexSamples: 2145, texturedSamples: 2145, texturedRatio: 1, craterRatio: 0.23636363636363636, rockRatio: 0.37668997668997667, sandRatio: 0.38694638694638694, avgMix: 0.5018284624635656, mixRange: (2) […], … }
chunk-EHKEHYIB.js:141:23
[21:28:51.672Z][ERROR][TEXTURE] HUDTexture update error 
Object { error: 1282 }
chunk-EHKEHYIB.js:132:23
[21:28:51.706Z][DEBUG][TEXTURE] Atmosphere surface texture stats 
Object { paletteKey: "planet-mars|default", planetId: "planet-mars", vertexSamples: 2145, texturedSamples: 2145, texturedRatio: 1, craterRatio: 0.23636363636363636, rockRatio: 0.37668997668997667, sandRatio: 0.38694638694638694, avgMix: 0.503700752541449, mixRange: (2) […], … }
chunk-EHKEHYIB.js:141:23
[21:28:51.720Z][ERROR][TEXTURE] HUDTexture update error 
Object { error: 1282 }
chunk-EHKEHYIB.js:132:23
[21:28:51.754Z][DEBUG][TEXTURE] Atmosphere surface texture stats 
Object { paletteKey: "planet-mars|default", planetId: "planet-mars", vertexSamples: 2145, texturedSamples: 2145, texturedRatio: 1, craterRatio: 0.23636363636363636, rockRatio: 0.37668997668997667, sandRatio: 0.38694638694638694, avgMix: 0.5035030675105792, mixRange: (2) […], … }
chunk-EHKEHYIB.js:141:23
[21:28:51.783Z][ERROR][TEXTURE] HUDTexture update error 
Object { error: 1282 }
chunk-EHKEHYIB.js:132:23
[21:28:51.817Z][DEBUG][TEXTURE] Atmosphere surface texture stats 
Object { paletteKey: "planet-mars|default", planetId: "planet-mars", vertexSamples: 2145, texturedSamples: 2145, texturedRatio: 1, craterRatio: 0.23636363636363636, rockRatio: 0.37668997668997667, sandRatio: 0.38694638694638694, avgMix: 0.5056069307469248, mixRange: (2) […], … }
chunk-EHKEHYIB.js:141:23
[21:28:51.831Z][ERROR][TEXTURE] HUDTexture update error 
Object { error: 1282 }
chunk-EHKEHYIB.js:132:23
[21:28:51.865Z][DEBUG][TEXTURE] Atmosphere surface texture stats 
Object { paletteKey: "planet-mars|default", planetId: "planet-mars", vertexSamples: 2145, texturedSamples: 2145, texturedRatio: 1, craterRatio: 0.23636363636363636, rockRatio: 0.37668997668997667, sandRatio: 0.38694638694638694, avgMix: 0.5064377184007635, mixRange: (2) […], … }
chunk-EHKEHYIB.js:141:23
[21:28:51.878Z][ERROR][TEXTURE] HUDTexture update error 
Object { error: 1282 }
chunk-EHKEHYIB.js:132:23
[21:28:51.911Z][DEBUG][TEXTURE] Atmosphere surface texture stats 
Object { paletteKey: "planet-mars|default", planetId: "planet-mars", vertexSamples: 2145, texturedSamples: 2145, texturedRatio: 1, craterRatio: 0.23636363636363636, rockRatio: 0.37668997668997667, sandRatio: 0.38694638694638694, avgMix: 0.5073854452702355, mixRange: (2) […], … }
chunk-EHKEHYIB.js:141:23
[21:28:51.926Z][ERROR][TEXTURE] HUDTexture update error 
Object { error: 1282 }
chunk-EHKEHYIB.js:132:23
[21:28:51.959Z][DEBUG][TEXTURE] Atmosphere surface texture stats 
Object { paletteKey: "planet-mars|default", planetId: "planet-mars", vertexSamples: 2145, texturedSamples: 2145, texturedRatio: 1, craterRatio: 0.23636363636363636, rockRatio: 0.37668997668997667, sandRatio: 0.38694638694638694, avgMix: 0.5065841952270025, mixRange: (2) […], … }
chunk-EHKEHYIB.js:141:23
[21:28:51.973Z][ERROR][TEXTURE] HUDTexture update error 
Object { error: 1282 }
chunk-EHKEHYIB.js:132:23
[21:28:52.006Z][DEBUG][TEXTURE] Atmosphere surface texture stats 
Object { paletteKey: "planet-mars|default", planetId: "planet-mars", vertexSamples: 2145, texturedSamples: 2145, texturedRatio: 1, craterRatio: 0.23636363636363636, rockRatio: 0.37668997668997667, sandRatio: 0.38694638694638694, avgMix: 0.5095591402293691, mixRange: (2) […], … }
chunk-EHKEHYIB.js:141:23
[21:28:52.020Z][ERROR][TEXTURE] HUDTexture update error 
Object { error: 1282 }
chunk-EHKEHYIB.js:132:23
[21:28:52.054Z][DEBUG][TEXTURE] Atmosphere surface texture stats 
Object { paletteKey: "planet-mars|default", planetId: "planet-mars", vertexSamples: 2145, texturedSamples: 2145, texturedRatio: 1, craterRatio: 0.23636363636363636, rockRatio: 0.37668997668997667, sandRatio: 0.38694638694638694, avgMix: 0.5086072734283458, mixRange: (2) […], … }
chunk-EHKEHYIB.js:141:23
[21:28:52.068Z][ERROR][TEXTURE] HUDTexture update error 
Object { error: 1282 }
chunk-EHKEHYIB.js:132:23
[21:28:52.102Z][DEBUG][TEXTURE] Atmosphere surface texture stats 
Object { paletteKey: "planet-mars|default", planetId: "planet-mars", vertexSamples: 2145, texturedSamples: 2145, texturedRatio: 1, craterRatio: 0.23636363636363636, rockRatio: 0.37668997668997667, sandRatio: 0.38694638694638694, avgMix: 0.5116171169887848, mixRange: (2) […], … }
chunk-EHKEHYIB.js:141:23
[21:28:52.131Z][ERROR][TEXTURE] HUDTexture update error 
Object { error: 1282 }
chunk-EHKEHYIB.js:132:23
[21:28:52.164Z][DEBUG][TEXTURE] Atmosphere surface texture stats 
Object { paletteKey: "planet-mars|default", planetId: "planet-mars", vertexSamples: 2145, texturedSamples: 2145, texturedRatio: 1, craterRatio: 0.23636363636363636, rockRatio: 0.37668997668997667, sandRatio: 0.38694638694638694, avgMix: 0.5128125071161211, mixRange: (2) […], … }
chunk-EHKEHYIB.js:141:23
[21:28:52.178Z][ERROR][TEXTURE] HUDTexture update error 
Object { error: 1282 }
chunk-EHKEHYIB.js:132:23
[21:28:52.212Z][DEBUG][TEXTURE] Atmosphere surface texture stats 
Object { paletteKey: "planet-mars|default", planetId: "planet-mars", vertexSamples: 2145, texturedSamples: 2145, texturedRatio: 1, craterRatio: 0.23636363636363636, rockRatio: 0.37668997668997667, sandRatio: 0.38694638694638694, avgMix: 0.5165326267089617, mixRange: (2) […], … }
chunk-EHKEHYIB.js:141:23
[21:28:52.225Z][ERROR][TEXTURE] HUDTexture update error 
Object { error: 1282 }
chunk-EHKEHYIB.js:132:23
[21:28:52.259Z][DEBUG][TEXTURE] Atmosphere surface texture stats 
Object { paletteKey: "planet-mars|default", planetId: "planet-mars", vertexSamples: 2145, texturedSamples: 2145, texturedRatio: 1, craterRatio: 0.23636363636363636, rockRatio: 0.37668997668997667, sandRatio: 0.38694638694638694, avgMix: 0.5148451357509536, mixRange: (2) […], … }
chunk-EHKEHYIB.js:141:23
[21:28:52.273Z][ERROR][TEXTURE] HUDTexture update error 
Object { error: 1282 }
chunk-EHKEHYIB.js:132:23
[21:28:52.307Z][DEBUG][TEXTURE] Atmosphere surface texture stats 
Object { paletteKey: "planet-mars|default", planetId: "planet-mars", vertexSamples: 2145, texturedSamples: 2145, texturedRatio: 1, craterRatio: 0.23636363636363636, rockRatio: 0.37668997668997667, sandRatio: 0.38694638694638694, avgMix: 0.5138828877206031, mixRange: (2) […], … }
chunk-EHKEHYIB.js:141:23
[21:28:52.321Z][ERROR][TEXTURE] HUDTexture update error 
Object { error: 1282 }
chunk-EHKEHYIB.js:132:23
[21:28:52.355Z][DEBUG][TEXTURE] Atmosphere surface texture stats 
Object { paletteKey: "planet-mars|default", planetId: "planet-mars", vertexSamples: 2145, texturedSamples: 2145, texturedRatio: 1, craterRatio: 0.23636363636363636, rockRatio: 0.37668997668997667, sandRatio: 0.38694638694638694, avgMix: 0.5163901258377257, mixRange: (2) […], … }
chunk-EHKEHYIB.js:141:23
[21:28:52.368Z][ERROR][TEXTURE] HUDTexture update error 
Object { error: 1282 }
chunk-EHKEHYIB.js:132:23
[21:28:52.386Z][DEBUG][TEXTURE] Atmosphere surface texture stats 
Object { paletteKey: "planet-mars|default", planetId: "planet-mars", vertexSamples: 2145, texturedSamples: 2145, texturedRatio: 1, craterRatio: 0.23636363636363636, rockRatio: 0.37668997668997667, sandRatio: 0.38694638694638694, avgMix: 0.5163456668339368, mixRange: (2) […], … }
chunk-EHKEHYIB.js:141:23
[21:28:52.400Z][ERROR][TEXTURE] HUDTexture update error 
Object { error: 1282 }
chunk-EHKEHYIB.js:132:23
[21:28:52.434Z][DEBUG][TEXTURE] Atmosphere surface texture stats 
Object { paletteKey: "planet-mars|default", planetId: "planet-mars", vertexSamples: 2145, texturedSamples: 2145, texturedRatio: 1, craterRatio: 0.23636363636363636, rockRatio: 0.37668997668997667, sandRatio: 0.38694638694638694, avgMix: 0.5183357296712321, mixRange: (2) […], … }
chunk-EHKEHYIB.js:141:23
[21:28:52.463Z][ERROR][TEXTURE] HUDTexture update error 
Object { error: 1282 }
chunk-EHKEHYIB.js:132:23
[21:28:52.498Z][DEBUG][TEXTURE] Atmosphere surface texture stats 
Object { paletteKey: "planet-mars|default", planetId: "planet-mars", vertexSamples: 2145, texturedSamples: 2145, texturedRatio: 1, craterRatio: 0.23636363636363636, rockRatio: 0.37668997668997667, sandRatio: 0.38694638694638694, avgMix: 0.5189646031959487, mixRange: (2) […], … }
chunk-EHKEHYIB.js:141:23
[21:28:52.512Z][ERROR][TEXTURE] HUDTexture update error 
Object { error: 1282 }
chunk-EHKEHYIB.js:132:23
[21:28:52.546Z][DEBUG][TEXTURE] Atmosphere surface texture stats 
Object { paletteKey: "planet-mars|default", planetId: "planet-mars", vertexSamples: 2145, texturedSamples: 2145, texturedRatio: 1, craterRatio: 0.23636363636363636, rockRatio: 0.37668997668997667, sandRatio: 0.38694638694638694, avgMix: 0.5200063849007335, mixRange: (2) […], … }
chunk-EHKEHYIB.js:141:23
[21:28:52.559Z][ERROR][TEXTURE] HUDTexture update error 
Object { error: 1282 }
chunk-EHKEHYIB.js:132:23
[21:28:52.593Z][DEBUG][TEXTURE] Atmosphere surface texture stats 
Object { paletteKey: "planet-mars|default", planetId: "planet-mars", vertexSamples: 2145, texturedSamples: 2145, texturedRatio: 1, craterRatio: 0.23636363636363636, rockRatio: 0.37668997668997667, sandRatio: 0.38694638694638694, avgMix: 0.5218150226283622, mixRange: (2) […], … }
chunk-EHKEHYIB.js:141:23
[21:28:52.607Z][ERROR][TEXTURE] HUDTexture update error 
Object { error: 1282 }
chunk-EHKEHYIB.js:132:23
[21:28:52.641Z][DEBUG][TEXTURE] Atmosphere surface texture stats 
Object { paletteKey: "planet-mars|default", planetId: "planet-mars", vertexSamples: 2145, texturedSamples: 2145, texturedRatio: 1, craterRatio: 0.23636363636363636, rockRatio: 0.37668997668997667, sandRatio: 0.38694638694638694, avgMix: 0.5216719432836953, mixRange: (2) […], … }
chunk-EHKEHYIB.js:141:23
[21:28:52.655Z][ERROR][TEXTURE] HUDTexture update error 
Object { error: 1282 }
chunk-EHKEHYIB.js:132:23
[21:28:52.688Z][DEBUG][TEXTURE] Atmosphere surface texture stats 
Object { paletteKey: "planet-mars|default", planetId: "planet-mars", vertexSamples: 2145, texturedSamples: 2145, texturedRatio: 1, craterRatio: 0.23636363636363636, rockRatio: 0.37668997668997667, sandRatio: 0.38694638694638694, avgMix: 0.5238423273998181, mixRange: (2) […], … }
chunk-EHKEHYIB.js:141:23
[21:28:52.702Z][ERROR][TEXTURE] HUDTexture update error 
Object { error: 1282 }
chunk-EHKEHYIB.js:132:23
[21:28:52.720Z][DEBUG][TEXTURE] Atmosphere surface texture stats 
Object { paletteKey: "planet-mars|default", planetId: "planet-mars", vertexSamples: 2145, texturedSamples: 2145, texturedRatio: 1, craterRatio: 0.23636363636363636, rockRatio: 0.37668997668997667, sandRatio: 0.38694638694638694, avgMix: 0.5244736944525625, mixRange: (2) […], … }
chunk-EHKEHYIB.js:141:23
[21:28:52.733Z][ERROR][TEXTURE] HUDTexture update error 
Object { error: 1282 }
chunk-EHKEHYIB.js:132:23
[21:28:52.768Z][DEBUG][TEXTURE] Atmosphere surface texture stats 
Object { paletteKey: "planet-mars|default", planetId: "planet-mars", vertexSamples: 2145, texturedSamples: 2145, texturedRatio: 1, craterRatio: 0.23636363636363636, rockRatio: 0.37668997668997667, sandRatio: 0.38694638694638694, avgMix: 0.5243048675281217, mixRange: (2) […], … }
chunk-EHKEHYIB.js:141:23
[21:28:52.798Z][ERROR][TEXTURE] HUDTexture update error 
Object { error: 1282 }
chunk-EHKEHYIB.js:132:23
[21:28:52.831Z][DEBUG][TEXTURE] Atmosphere surface texture stats 
Object { paletteKey: "planet-mars|default", planetId: "planet-mars", vertexSamples: 2145, texturedSamples: 2145, texturedRatio: 1, craterRatio: 0.23636363636363636, rockRatio: 0.37668997668997667, sandRatio: 0.38694638694638694, avgMix: 0.5280739072780217, mixRange: (2) […], … }
chunk-EHKEHYIB.js:141:23
[21:28:52.844Z][ERROR][TEXTURE] HUDTexture update error 
Object { error: 1282 }
chunk-EHKEHYIB.js:132:23
[21:28:52.878Z][DEBUG][TEXTURE] Atmosphere surface texture stats 
Object { paletteKey: "planet-mars|default", planetId: "planet-mars", vertexSamples: 2145, texturedSamples: 2145, texturedRatio: 1, craterRatio: 0.23636363636363636, rockRatio: 0.37668997668997667, sandRatio: 0.38694638694638694, avgMix: 0.5263073811400539, mixRange: (2) […], … }
chunk-EHKEHYIB.js:141:23
[21:28:52.895Z][ERROR][TEXTURE] HUDTexture update error 
Object { error: 1282 }
chunk-EHKEHYIB.js:132:23
[21:28:52.925Z][DEBUG][TEXTURE] Atmosphere surface texture stats 
Object { paletteKey: "planet-mars|default", planetId: "planet-mars", vertexSamples: 2145, texturedSamples: 2145, texturedRatio: 1, craterRatio: 0.23636363636363636, rockRatio: 0.37668997668997667, sandRatio: 0.38694638694638694, avgMix: 0.5267378145370045, mixRange: (2) […], … }
chunk-EHKEHYIB.js:141:23
[21:28:52.938Z][ERROR][TEXTURE] HUDTexture update error 
Object { error: 1282 }
chunk-EHKEHYIB.js:132:23
[21:28:52.973Z][DEBUG][TEXTURE] Atmosphere surface texture stats 
Object { paletteKey: "planet-mars|default", planetId: "planet-mars", vertexSamples: 2145, texturedSamples: 2145, texturedRatio: 1, craterRatio: 0.23636363636363636, rockRatio: 0.37668997668997667, sandRatio: 0.38694638694638694, avgMix: 0.5250846617148504, mixRange: (2) […], … }
chunk-EHKEHYIB.js:141:23
[21:28:52.987Z][ERROR][TEXTURE] HUDTexture update error 
Object { error: 1282 }
chunk-EHKEHYIB.js:132:23
[21:28:53.022Z][DEBUG][TEXTURE] Atmosphere surface texture stats 
Object { paletteKey: "planet-mars|default", planetId: "planet-mars", vertexSamples: 2145, texturedSamples: 2145, texturedRatio: 1, craterRatio: 0.23636363636363636, rockRatio: 0.37668997668997667, sandRatio: 0.38694638694638694, avgMix: 0.529325846236592, mixRange: (2) […], … }
chunk-EHKEHYIB.js:141:23
[21:28:53.034Z][ERROR][TEXTURE] HUDTexture update error 
Object { error: 1282 }
chunk-EHKEHYIB.js:132:23
[21:28:53.068Z][DEBUG][TEXTURE] Atmosphere surface texture stats 
Object { paletteKey: "planet-mars|default", planetId: "planet-mars", vertexSamples: 2145, texturedSamples: 2145, texturedRatio: 1, craterRatio: 0.23636363636363636, rockRatio: 0.37668997668997667, sandRatio: 0.38694638694638694, avgMix: 0.5306326918949854, mixRange: (2) […], … }
chunk-EHKEHYIB.js:141:23
[21:28:53.081Z][ERROR][TEXTURE] HUDTexture update error 
Object { error: 1282 }
chunk-EHKEHYIB.js:132:23
[21:28:53.115Z][DEBUG][TEXTURE] Atmosphere surface texture stats 
Object { paletteKey: "planet-mars|default", planetId: "planet-mars", vertexSamples: 2145, texturedSamples: 2145, texturedRatio: 1, craterRatio: 0.23636363636363636, rockRatio: 0.37668997668997667, sandRatio: 0.38694638694638694, avgMix: 0.5293187155803658, mixRange: (2) […], … }
chunk-EHKEHYIB.js:141:23
[21:28:53.129Z][ERROR][TEXTURE] HUDTexture update error 
Object { error: 1282 }
chunk-EHKEHYIB.js:132:23
[21:28:53.164Z][DEBUG][TEXTURE] Atmosphere surface texture stats 
Object { paletteKey: "planet-mars|default", planetId: "planet-mars", vertexSamples: 2145, texturedSamples: 2145, texturedRatio: 1, craterRatio: 0.23636363636363636, rockRatio: 0.37668997668997667, sandRatio: 0.38694638694638694, avgMix: 0.5288997548671868, mixRange: (2) […], … }
chunk-EHKEHYIB.js:141:23
[21:28:53.176Z][ERROR][TEXTURE] HUDTexture update error 
Object { error: 1282 }
chunk-EHKEHYIB.js:132:23
[21:28:53.194Z][DEBUG][TEXTURE] Atmosphere surface texture stats 
Object { paletteKey: "planet-mars|default", planetId: "planet-mars", vertexSamples: 2145, texturedSamples: 2145, texturedRatio: 1, craterRatio: 0.23636363636363636, rockRatio: 0.37668997668997667, sandRatio: 0.38694638694638694, avgMix: 0.5349255527626708, mixRange: (2) […], … }
chunk-EHKEHYIB.js:141:23
[21:28:53.208Z][ERROR][TEXTURE] HUDTexture update error 
Object { error: 1282 }
chunk-EHKEHYIB.js:132:23
[21:28:53.241Z][DEBUG][TEXTURE] Atmosphere surface texture stats 
Object { paletteKey: "planet-mars|default", planetId: "planet-mars", vertexSamples: 2145, texturedSamples: 2145, texturedRatio: 1, craterRatio: 0.23636363636363636, rockRatio: 0.37668997668997667, sandRatio: 0.38694638694638694, avgMix: 0.5325076045889545, mixRange: (2) […], … }
chunk-EHKEHYIB.js:141:23
[21:28:53.255Z][ERROR][TEXTURE] HUDTexture update error 
Object { error: 1282 }
chunk-EHKEHYIB.js:132:23
[21:28:53.291Z][DEBUG][TEXTURE] Atmosphere surface texture stats 
Object { paletteKey: "planet-mars|default", planetId: "planet-mars", vertexSamples: 2145, texturedSamples: 2145, texturedRatio: 1, craterRatio: 0.23636363636363636, rockRatio: 0.37668997668997667, sandRatio: 0.38694638694638694, avgMix: 0.5312715643421836, mixRange: (2) […], … }
chunk-EHKEHYIB.js:141:23
[21:28:53.302Z][ERROR][TEXTURE] HUDTexture update error 
Object { error: 1282 }
chunk-EHKEHYIB.js:132:23
[21:28:53.337Z][DEBUG][TEXTURE] Atmosphere surface texture stats 
Object { paletteKey: "planet-mars|default", planetId: "planet-mars", vertexSamples: 2145, texturedSamples: 2145, texturedRatio: 1, craterRatio: 0.23636363636363636, rockRatio: 0.37668997668997667, sandRatio: 0.38694638694638694, avgMix: 0.535204102077429, mixRange: (2) […], … }
chunk-EHKEHYIB.js:141:23
[21:28:53.366Z][ERROR][TEXTURE] HUDTexture update error 
Object { error: 1282 }
chunk-EHKEHYIB.js:132:23
[21:28:53.400Z][DEBUG][TEXTURE] Atmosphere surface texture stats 
Object { paletteKey: "planet-mars|default", planetId: "planet-mars", vertexSamples: 2145, texturedSamples: 2145, texturedRatio: 1, craterRatio: 0.23636363636363636, rockRatio: 0.37668997668997667, sandRatio: 0.38694638694638694, avgMix: 0.5335860916809275, mixRange: (2) […], … }
chunk-EHKEHYIB.js:141:23
[21:28:53.413Z][ERROR][TEXTURE] HUDTexture update error 
Object { error: 1282 }
chunk-EHKEHYIB.js:132:23
[21:28:53.447Z][DEBUG][TEXTURE] Atmosphere surface texture stats 
Object { paletteKey: "planet-mars|default", planetId: "planet-mars", vertexSamples: 2145, texturedSamples: 2145, texturedRatio: 1, craterRatio: 0.23636363636363636, rockRatio: 0.37668997668997667, sandRatio: 0.38694638694638694, avgMix: 0.5339089952170529, mixRange: (2) […], … }
chunk-EHKEHYIB.js:141:23
[21:28:53.461Z][ERROR][TEXTURE] HUDTexture update error 
Object { error: 1282 }
chunk-EHKEHYIB.js:132:23
[21:28:53.479Z][DEBUG][TEXTURE] Atmosphere surface texture stats 
Object { paletteKey: "planet-mars|default", planetId: "planet-mars", vertexSamples: 2145, texturedSamples: 2145, texturedRatio: 1, craterRatio: 0.23636363636363636, rockRatio: 0.37668997668997667, sandRatio: 0.38694638694638694, avgMix: 0.5352610671386, mixRange: (2) […], … }
chunk-EHKEHYIB.js:141:23
[21:28:53.493Z][ERROR][TEXTURE] HUDTexture update error 
Object { error: 1282 }
chunk-EHKEHYIB.js:132:23
[21:28:53.527Z][DEBUG][TEXTURE] Atmosphere surface texture stats 
Object { paletteKey: "planet-mars|default", planetId: "planet-mars", vertexSamples: 2145, texturedSamples: 2145, texturedRatio: 1, craterRatio: 0.23636363636363636, rockRatio: 0.37668997668997667, sandRatio: 0.38694638694638694, avgMix: 0.5387186471248925, mixRange: (2) […], … }
chunk-EHKEHYIB.js:141:23
[21:28:53.540Z][ERROR][TEXTURE] HUDTexture update error 
Object { error: 1282 }
chunk-EHKEHYIB.js:132:23
[21:28:53.574Z][DEBUG][TEXTURE] Atmosphere surface texture stats 
Object { paletteKey: "planet-mars|default", planetId: "planet-mars", vertexSamples: 2145, texturedSamples: 2145, texturedRatio: 1, craterRatio: 0.23636363636363636, rockRatio: 0.37668997668997667, sandRatio: 0.38694638694638694, avgMix: 0.5372880510665975, mixRange: (2) […], … }
chunk-EHKEHYIB.js:141:23
[21:28:53.587Z][ERROR][TEXTURE] HUDTexture update error 
Object { error: 1282 }
chunk-EHKEHYIB.js:132:23
[21:28:53.622Z][DEBUG][TEXTURE] Atmosphere surface texture stats 
Object { paletteKey: "planet-mars|default", planetId: "planet-mars", vertexSamples: 2145, texturedSamples: 2145, texturedRatio: 1, craterRatio: 0.23636363636363636, rockRatio: 0.37668997668997667, sandRatio: 0.38694638694638694, avgMix: 0.5415247778172038, mixRange: (2) […], … }
chunk-EHKEHYIB.js:141:23
[21:28:53.635Z][ERROR][TEXTURE] HUDTexture update error 
Object { error: 1282 }
chunk-EHKEHYIB.js:132:23
[21:28:53.655Z][DEBUG][TEXTURE] Atmosphere surface texture stats 
Object { paletteKey: "planet-mars|default", planetId: "planet-mars", vertexSamples: 2145, texturedSamples: 2145, texturedRatio: 1, craterRatio: 0.23636363636363636, rockRatio: 0.37668997668997667, sandRatio: 0.38694638694638694, avgMix: 0.542371125598042, mixRange: (2) […], … }
chunk-EHKEHYIB.js:141:23
[21:28:53.667Z][ERROR][TEXTURE] HUDTexture update error 
Object { error: 1282 }
chunk-EHKEHYIB.js:132:23
[21:28:53.701Z][DEBUG][TEXTURE] Atmosphere surface texture stats 
Object { paletteKey: "planet-mars|default", planetId: "planet-mars", vertexSamples: 2145, texturedSamples: 2145, texturedRatio: 1, craterRatio: 0.23636363636363636, rockRatio: 0.37668997668997667, sandRatio: 0.38694638694638694, avgMix: 0.5394933669247834, mixRange: (2) […], … }
chunk-EHKEHYIB.js:141:23
[21:28:53.715Z][ERROR][TEXTURE] HUDTexture update error 
Object { error: 1282 }
chunk-EHKEHYIB.js:132:23
[21:28:53.749Z][DEBUG][TEXTURE] Atmosphere surface texture stats 
Object { paletteKey: "planet-mars|default", planetId: "planet-mars", vertexSamples: 2145, texturedSamples: 2145, texturedRatio: 1, craterRatio: 0.23636363636363636, rockRatio: 0.37668997668997667, sandRatio: 0.38694638694638694, avgMix: 0.5413531276314405, mixRange: (2) […], … }
chunk-EHKEHYIB.js:141:23
[21:28:53.763Z][ERROR][TEXTURE] HUDTexture update error 
Object { error: 1282 }
chunk-EHKEHYIB.js:132:23
[21:28:53.796Z][DEBUG][TEXTURE] Atmosphere surface texture stats 
Object { paletteKey: "planet-mars|default", planetId: "planet-mars", vertexSamples: 2145, texturedSamples: 2145, texturedRatio: 1, craterRatio: 0.23636363636363636, rockRatio: 0.37668997668997667, sandRatio: 0.38694638694638694, avgMix: 0.5438304688429769, mixRange: (2) […], … }
chunk-EHKEHYIB.js:141:23
[21:28:53.810Z][ERROR][TEXTURE] HUDTexture update error 
Object { error: 1282 }
chunk-EHKEHYIB.js:132:23
